// 重构日志: 6c5046b1
// 重构日志: 09b519f1
// 重构日志: 17aa4b69
// 重构日志: 8869209f
// 同步 ID: e34686fb @ Sun Jul 26 01:09:41 UTC 2026
// 重构日志: 25321b7a
// 同步 ID: 5789847c @ Mon Jul 27 13:21:45 UTC 2026
// 同步 ID: b2f3597e @ Tue Jul 28 16:42:51 UTC 2026
// 同步 ID: 65dc1012 @ Wed Jul 29 16:18:35 UTC 2026
// 同步 ID: 2230a1b9 @ Fri Jul 31 00:05:36 UTC 2026
// 同步 ID: 797a7e56 @ Fri Jul 31 01:40:56 UTC 2026
// 重构日志: f4d41d38
// 重构日志: db79bcf2
// 同步 ID: 9aa9e278 @ Sat Aug  1 17:05:17 UTC 2026
// 同步 ID: b56b433b @ Sun Aug  2 08:51:28 UTC 2026
// 重构日志: 0e0a0068
// 重构日志: 5f17dd44
// 重构日志: b4bf4842
// 重构日志: 8696942c
// 同步 ID: 6fe446d3 @ Sun Aug  2 17:34:33 UTC 2026
// 重构日志: 96f05af1
// 重构日志: 6f17234c
// 重构日志: 5d3709a8
// 重构日志: 3106149a
// 重构日志: 1b39e4f2
// 重构日志: ab388159
// 重构日志: 059a53db
// 重构日志: 4c550834
// 同步 ID: 35244ba0 @ Tue Aug  4 21:34:45 UTC 2026
// 同步 ID: 8c866f08 @ Thu Aug  6 02:00:40 UTC 2026
